#-----------------------------------------------------------
# Vivado v2017.4 (64-bit)
# SW Build 2086221 on Fri Dec 15 20:55:39 MST 2017
# IP Build 2085800 on Fri Dec 15 22:25:07 MST 2017
# Start of session at: Thu May 14 13:13:14 2026
# Process ID: 30068
# Current directory: C:/Users/28193/Desktop/project11
# Command line: vivado.exe -gui_launcher_event rodinguilauncherevent34064 C:\Users\28193\Desktop\project11\project11.xpr
# Log file: C:/Users/28193/Desktop/project11/vivado.log
# Journal file: C:/Users/28193/Desktop/project11\vivado.jou
#-----------------------------------------------------------
start_gui
open_project C:/Users/28193/Desktop/project11/project11.xpr
update_compile_order -fileset sources_1
reset_run synth_1
launch_runs synth_1 -jobs 4
wait_on_run synth_1
launch_runs impl_1 -jobs 4
wait_on_run impl_1
open_run impl_1
launch_simulation
launch_simulation
open_wave_config C:/Users/28193/Desktop/project11/minisys_sim_behav1.wcfg
source minisys_sim.tcl
close_sim
launch_simulation
open_wave_config C:/Users/28193/Desktop/project11/minisys_sim_behav1.wcfg
source minisys_sim.tcl
close_sim
launch_simulation
open_wave_config C:/Users/28193/Desktop/project11/minisys_sim_behav1.wcfg
source minisys_sim.tcl
set_msg_config -suppress -id {Common 17-145} -string {{ERROR: [Common 17-145] codecvt to wstring conversion failed '1'} } 
close_sim
launch_simulation
open_wave_config C:/Users/28193/Desktop/project11/minisys_sim_behav1.wcfg
source minisys_sim.tcl
close_sim
launch_simulation
open_wave_config C:/Users/28193/Desktop/project11/minisys_sim_behav1.wcfg
source minisys_sim.tcl
close_sim
