#-----------------------------------------------------------
# Vivado v2017.4 (64-bit)
# SW Build 2086221 on Fri Dec 15 20:55:39 MST 2017
# IP Build 2085800 on Fri Dec 15 22:25:07 MST 2017
# Start of session at: Thu May 14 13:13:14 2026
# Process ID: 30068
# Current directory: C:/Users/28193/Desktop/project11
# Command line: vivado.exe -gui_launcher_event rodinguilauncherevent34064 C:\Users\28193\Desktop\project11\project11.xpr
# Log file: C:/Users/28193/Desktop/project11/vivado.log
# Journal file: C:/Users/28193/Desktop/project11\vivado.jou
#-----------------------------------------------------------
start_gui
open_project C:/Users/28193/Desktop/project11/project11.xpr
Scanning sources...
Finished scanning sources
INFO: [IP_Flow 19-234] Refreshing IP repositories
INFO: [IP_Flow 19-1704] No user IP repositories specified
INFO: [IP_Flow 19-2313] Loaded Vivado IP repository 'C:/Xilinx/Vivado/2017.4/data/ip'.
open_project: Time (s): cpu = 00:00:22 ; elapsed = 00:00:12 . Memory (MB): peak = 885.152 ; gain = 150.547
update_compile_order -fileset sources_1
reset_run synth_1
launch_runs synth_1 -jobs 4
[Thu May 14 13:15:03 2026] Launched synth_1...
Run output will be captured here: C:/Users/28193/Desktop/project11/project11.runs/synth_1/runme.log
launch_runs impl_1 -jobs 4
[Thu May 14 13:17:08 2026] Launched impl_1...
Run output will be captured here: C:/Users/28193/Desktop/project11/project11.runs/impl_1/runme.log
open_run impl_1
INFO: [Project 1-479] Netlist was created with Vivado 2017.4
INFO: [Device 21-403] Loading part xc7a100tfgg484-1
INFO: [Project 1-570] Preparing netlist for logic optimization
Parsing XDC File [C:/Users/28193/Desktop/project11/.Xil/Vivado-30068-DESKTOP-7CSVCQJ/dcp5/minisys_board.xdc]
Finished Parsing XDC File [C:/Users/28193/Desktop/project11/.Xil/Vivado-30068-DESKTOP-7CSVCQJ/dcp5/minisys_board.xdc]
Parsing XDC File [C:/Users/28193/Desktop/project11/.Xil/Vivado-30068-DESKTOP-7CSVCQJ/dcp5/minisys_early.xdc]
INFO: [Timing 38-35] Done setting XDC timing constraints. [C:/Users/28193/Desktop/project11/project11.srcs/sources_1/ip/cpuclk/cpuclk.xdc:57]
get_clocks: Time (s): cpu = 00:00:15 ; elapsed = 00:00:14 . Memory (MB): peak = 1726.777 ; gain = 481.961
Finished Parsing XDC File [C:/Users/28193/Desktop/project11/.Xil/Vivado-30068-DESKTOP-7CSVCQJ/dcp5/minisys_early.xdc]
Reading XDEF placement.
Reading placer database...
Reading XDEF routing.
Read XDEF File: Time (s): cpu = 00:00:00 ; elapsed = 00:00:00.040 . Memory (MB): peak = 1726.777 ; gain = 0.000
Restored from archive | CPU: 0.000000 secs | Memory: 0.000000 MB |
Finished XDEF File Restore: Time (s): cpu = 00:00:00 ; elapsed = 00:00:00.041 . Memory (MB): peak = 1726.777 ; gain = 0.000
INFO: [Project 1-111] Unisim Transformation Summary:
No Unisim elements were transformed.

open_run: Time (s): cpu = 00:00:37 ; elapsed = 00:00:29 . Memory (MB): peak = 1809.516 ; gain = 888.344
launch_simulation
INFO: [Vivado 12-5698] Checking validity of IPs in the design for the 'XSim' simulator...
INFO: [Vivado 12-5682] Launching behavioral simulation in 'C:/Users/28193/Desktop/project11/project11.sim/sim_1/behav/xsim'
INFO: [Vivado 12-4795] Using compiled simulation libraries for IPs
INFO: [SIM-utils-51] Simulation object is 'sim_1'
INFO: [USF-XSim-7] Finding pre-compiled libraries...
INFO: [USF-XSim-11] File 'C:/Xilinx/Vivado/2017.4/data/xsim/ip/xsim_ip.ini' copied to run dir:'C:/Users/28193/Desktop/project11/project11.sim/sim_1/behav/xsim'
INFO: [SIM-utils-54] Inspecting design source files for 'minisys_sim' in fileset 'sim_1'...
INFO: [SIM-utils-43] Exported 'C:/Users/28193/Desktop/project11/project11.sim/sim_1/behav/xsim/prgrom.mif'
INFO: [SIM-utils-43] Exported 'C:/Users/28193/Desktop/project11/project11.sim/sim_1/behav/xsim/prgmip32.coe'
INFO: [SIM-utils-43] Exported 'C:/Users/28193/Desktop/project11/project11.sim/sim_1/behav/xsim/ram.mif'
INFO: [SIM-utils-43] Exported 'C:/Users/28193/Desktop/project11/project11.sim/sim_1/behav/xsim/dmem32.coe'
INFO: [USF-XSim-97] Finding global include files...
INFO: [USF-XSim-98] Fetching design files from 'sim_1'...
INFO: [USF-XSim-2] XSim::Compile design
INFO: [USF-XSim-61] Executing 'COMPILE and ANALYZE' step in 'C:/Users/28193/Desktop/project11/project11.sim/sim_1/behav/xsim'
"xvlog --incr --relax -prj minisys_sim_vlog.prj"
INFO: [VRFC 10-2263] Analyzing Verilog file "C:/Users/28193/Desktop/project11/project11.srcs/sources_1/ip/ram/ram_sim_netlist.v" into library xil_defaultlib
INFO: [VRFC 10-311] analyzing module ram
INFO: [VRFC 10-311] analyzing module ram_bindec
INFO: [VRFC 10-311] analyzing module ram_blk_mem_gen_generic_cstr
INFO: [VRFC 10-311] analyzing module ram_blk_mem_gen_mux
INFO: [VRFC 10-311] analyzing module ram_blk_mem_gen_prim_width
INFO: [VRFC 10-311] analyzing module ram_blk_mem_gen_prim_width__parameterized0
INFO: [VRFC 10-311] analyzing module ram_blk_mem_gen_prim_width__parameterized1
INFO: [VRFC 10-311] analyzing module ram_blk_mem_gen_prim_width__parameterized10
INFO: [VRFC 10-311] analyzing module ram_blk_mem_gen_prim_width__parameterized11
INFO: [VRFC 10-311] analyzing module ram_blk_mem_gen_prim_width__parameterized12
INFO: [VRFC 10-311] analyzing module ram_blk_mem_gen_prim_width__parameterized13
INFO: [VRFC 10-311] analyzing module ram_blk_mem_gen_prim_width__parameterized2
INFO: [VRFC 10-311] analyzing module ram_blk_mem_gen_prim_width__parameterized3
INFO: [VRFC 10-311] analyzing module ram_blk_mem_gen_prim_width__parameterized4
INFO: [VRFC 10-311] analyzing module ram_blk_mem_gen_prim_width__parameterized5
INFO: [VRFC 10-311] analyzing module ram_blk_mem_gen_prim_width__parameterized6
INFO: [VRFC 10-311] analyzing module ram_blk_mem_gen_prim_width__parameterized7
INFO: [VRFC 10-311] analyzing module ram_blk_mem_gen_prim_width__parameterized8
INFO: [VRFC 10-311] analyzing module ram_blk_mem_gen_prim_width__parameterized9
INFO: [VRFC 10-311] analyzing module ram_blk_mem_gen_prim_wrapper_init
INFO: [VRFC 10-311] analyzing module ram_blk_mem_gen_prim_wrapper_init__parameterized0
INFO: [VRFC 10-311] analyzing module ram_blk_mem_gen_prim_wrapper_init__parameterized1
INFO: [VRFC 10-311] analyzing module ram_blk_mem_gen_prim_wrapper_init__parameterized10
INFO: [VRFC 10-311] analyzing module ram_blk_mem_gen_prim_wrapper_init__parameterized11
INFO: [VRFC 10-311] analyzing module ram_blk_mem_gen_prim_wrapper_init__parameterized12
INFO: [VRFC 10-311] analyzing module ram_blk_mem_gen_prim_wrapper_init__parameterized13
INFO: [VRFC 10-311] analyzing module ram_blk_mem_gen_prim_wrapper_init__parameterized2
INFO: [VRFC 10-311] analyzing module ram_blk_mem_gen_prim_wrapper_init__parameterized3
INFO: [VRFC 10-311] analyzing module ram_blk_mem_gen_prim_wrapper_init__parameterized4
INFO: [VRFC 10-311] analyzing module ram_blk_mem_gen_prim_wrapper_init__parameterized5
INFO: [VRFC 10-311] analyzing module ram_blk_mem_gen_prim_wrapper_init__parameterized6
INFO: [VRFC 10-311] analyzing module ram_blk_mem_gen_prim_wrapper_init__parameterized7
INFO: [VRFC 10-311] analyzing module ram_blk_mem_gen_prim_wrapper_init__parameterized8
INFO: [VRFC 10-311] analyzing module ram_blk_mem_gen_prim_wrapper_init__parameterized9
INFO: [VRFC 10-311] analyzing module ram_blk_mem_gen_top
INFO: [VRFC 10-311] analyzing module ram_blk_mem_gen_v8_4_1
INFO: [VRFC 10-311] analyzing module ram_blk_mem_gen_v8_4_1_synth
INFO: [VRFC 10-311] analyzing module glbl
INFO: [VRFC 10-2263] Analyzing Verilog file "C:/Users/28193/Desktop/project11/project11.srcs/sources_1/ip/prgrom/prgrom_sim_netlist.v" into library xil_defaultlib
INFO: [VRFC 10-311] analyzing module prgrom
INFO: [VRFC 10-311] analyzing module prgrom_bindec
INFO: [VRFC 10-311] analyzing module prgrom_blk_mem_gen_generic_cstr
INFO: [VRFC 10-311] analyzing module prgrom_blk_mem_gen_mux
INFO: [VRFC 10-311] analyzing module prgrom_blk_mem_gen_prim_width
INFO: [VRFC 10-311] analyzing module prgrom_blk_mem_gen_prim_width__parameterized0
INFO: [VRFC 10-311] analyzing module prgrom_blk_mem_gen_prim_width__parameterized1
INFO: [VRFC 10-311] analyzing module prgrom_blk_mem_gen_prim_width__parameterized10
INFO: [VRFC 10-311] analyzing module prgrom_blk_mem_gen_prim_width__parameterized11
INFO: [VRFC 10-311] analyzing module prgrom_blk_mem_gen_prim_width__parameterized12
INFO: [VRFC 10-311] analyzing module prgrom_blk_mem_gen_prim_width__parameterized13
INFO: [VRFC 10-311] analyzing module prgrom_blk_mem_gen_prim_width__parameterized2
INFO: [VRFC 10-311] analyzing module prgrom_blk_mem_gen_prim_width__parameterized3
INFO: [VRFC 10-311] analyzing module prgrom_blk_mem_gen_prim_width__parameterized4
INFO: [VRFC 10-311] analyzing module prgrom_blk_mem_gen_prim_width__parameterized5
INFO: [VRFC 10-311] analyzing module prgrom_blk_mem_gen_prim_width__parameterized6
INFO: [VRFC 10-311] analyzing module prgrom_blk_mem_gen_prim_width__parameterized7
INFO: [VRFC 10-311] analyzing module prgrom_blk_mem_gen_prim_width__parameterized8
INFO: [VRFC 10-311] analyzing module prgrom_blk_mem_gen_prim_width__parameterized9
INFO: [VRFC 10-311] analyzing module prgrom_blk_mem_gen_prim_wrapper_init
INFO: [VRFC 10-311] analyzing module prgrom_blk_mem_gen_prim_wrapper_init__parameterized0
INFO: [VRFC 10-311] analyzing module prgrom_blk_mem_gen_prim_wrapper_init__parameterized1
INFO: [VRFC 10-311] analyzing module prgrom_blk_mem_gen_prim_wrapper_init__parameterized10
INFO: [VRFC 10-311] analyzing module prgrom_blk_mem_gen_prim_wrapper_init__parameterized11
INFO: [VRFC 10-311] analyzing module prgrom_blk_mem_gen_prim_wrapper_init__parameterized12
INFO: [VRFC 10-311] analyzing module prgrom_blk_mem_gen_prim_wrapper_init__parameterized13
INFO: [VRFC 10-311] analyzing module prgrom_blk_mem_gen_prim_wrapper_init__parameterized2
INFO: [VRFC 10-311] analyzing module prgrom_blk_mem_gen_prim_wrapper_init__parameterized3
INFO: [VRFC 10-311] analyzing module prgrom_blk_mem_gen_prim_wrapper_init__parameterized4
INFO: [VRFC 10-311] analyzing module prgrom_blk_mem_gen_prim_wrapper_init__parameterized5
INFO: [VRFC 10-311] analyzing module prgrom_blk_mem_gen_prim_wrapper_init__parameterized6
INFO: [VRFC 10-311] analyzing module prgrom_blk_mem_gen_prim_wrapper_init__parameterized7
INFO: [VRFC 10-311] analyzing module prgrom_blk_mem_gen_prim_wrapper_init__parameterized8
INFO: [VRFC 10-311] analyzing module prgrom_blk_mem_gen_prim_wrapper_init__parameterized9
INFO: [VRFC 10-311] analyzing module prgrom_blk_mem_gen_top
INFO: [VRFC 10-311] analyzing module prgrom_blk_mem_gen_v8_4_1
INFO: [VRFC 10-311] analyzing module prgrom_blk_mem_gen_v8_4_1_synth
INFO: [VRFC 10-2263] Analyzing Verilog file "C:/Users/28193/Desktop/project11/project11.srcs/sources_1/ip/cpuclk/cpuclk_sim_netlist.v" into library xil_defaultlib
INFO: [VRFC 10-311] analyzing module cpuclk
INFO: [VRFC 10-311] analyzing module cpuclk_cpuclk_clk_wiz
INFO: [VRFC 10-2263] Analyzing Verilog file "C:/Users/28193/Desktop/project11/project11.srcs/sources_1/imports/小组/Ifetc32.v" into library xil_defaultlib
INFO: [VRFC 10-311] analyzing module Ifetc32
INFO: [VRFC 10-2263] Analyzing Verilog file "C:/Users/28193/Desktop/project11/project11.srcs/sources_1/imports/小组/control32.v" into library xil_defaultlib
INFO: [VRFC 10-311] analyzing module control32
INFO: [VRFC 10-2263] Analyzing Verilog file "C:/Users/28193/Desktop/project11/project11.srcs/sources_1/imports/小组/dmemory32.v" into library xil_defaultlib
INFO: [VRFC 10-311] analyzing module dmemory32
INFO: [VRFC 10-2263] Analyzing Verilog file "C:/Users/28193/Desktop/project11/project11.srcs/sources_1/imports/小组/executs32.v" into library xil_defaultlib
INFO: [VRFC 10-311] analyzing module Executs32
INFO: [VRFC 10-2263] Analyzing Verilog file "C:/Users/28193/Desktop/project11/project11.srcs/sources_1/imports/小组/idecode32.v" into library xil_defaultlib
INFO: [VRFC 10-311] analyzing module Idecode32
INFO: [VRFC 10-2263] Analyzing Verilog file "C:/Users/28193/Desktop/project11/project11.srcs/sources_1/imports/小组/minisys.v" into library xil_defaultlib
INFO: [VRFC 10-311] analyzing module minisys
INFO: [VRFC 10-2263] Analyzing Verilog file "C:/Users/28193/Desktop/project11/project11.srcs/sim_1/imports/sim/minisys_sim.v" into library xil_defaultlib
INFO: [VRFC 10-311] analyzing module minisys_sim
INFO: [VRFC 10-2263] Analyzing Verilog file "C:/Users/28193/Desktop/project11/project11.sim/sim_1/behav/xsim/glbl.v" into library xil_defaultlib
INFO: [VRFC 10-311] analyzing module glbl
WARNING: [VRFC 10-2421] module glbl is previously defined, ignoring this definition [C:/Users/28193/Desktop/project11/project11.sim/sim_1/behav/xsim/glbl.v:6]
INFO: [USF-XSim-69] 'compile' step finished in '5' seconds
INFO: [USF-XSim-3] XSim::Elaborate design
INFO: [USF-XSim-61] Executing 'ELABORATE' step in 'C:/Users/28193/Desktop/project11/project11.sim/sim_1/behav/xsim'
ERROR: [Common 17-145] codecvt to wstring conversion failed '1'
ERROR: [Common 17-145] codecvt to wstring conversion failed '1'
Vivado Simulator 2017.4
Copyright 1986-1999, 2001-2016 Xilinx, Inc. All Rights Reserved.
Running: C:/Xilinx/Vivado/2017.4/bin/unwrapped/win64.o/xelab.exe -wto 794d52e606ed40eab47ba3248aa8da3f --incr --debug typical --relax --mt 2 -L xil_defaultlib -L unisims_ver -L unimacro_ver -L secureip -L xpm --snapshot minisys_sim_behav xil_defaultlib.minisys_sim xil_defaultlib.glbl -log elaborate.log 
Using 2 slave threads.
Starting static elaboration
Completed static elaboration
Starting simulation data flow analysis
Completed simulation data flow analysis
Time Resolution for simulation is 1ps
Compiling module unisims_ver.BUFG
Compiling module unisims_ver.IBUF
Compiling module unisims_ver.PLLE2_ADV(CLKFBOUT_MULT=46,CLKIN...
Compiling module xil_defaultlib.cpuclk_cpuclk_clk_wiz
Compiling module xil_defaultlib.cpuclk
Compiling module unisims_ver.GND
Compiling module unisims_ver.x_lut2_mux4
Compiling module unisims_ver.LUT2
Compiling module xil_defaultlib.prgrom_bindec
Compiling module unisims_ver.LUT6
Compiling module unisims_ver.FDRE_default
Compiling module xil_defaultlib.prgrom_blk_mem_gen_mux
Compiling module unisims_ver.RB18_INTERNAL_VLOG(DOA_REG=1,RDA...
Compiling module unisims_ver.RAMB18E1(DOA_REG=1,INIT_00=256'b...
Compiling module xil_defaultlib.prgrom_blk_mem_gen_prim_wrapper_...
Compiling module xil_defaultlib.prgrom_blk_mem_gen_prim_width
Compiling module unisims_ver.RB36_INTERNAL_VLOG(DOA_REG=1,RDA...
Compiling module unisims_ver.RAMB36E1(DOA_REG=1,RDADDR_COLLIS...
Compiling module xil_defaultlib.prgrom_blk_mem_gen_prim_wrapper_...
Compiling module xil_defaultlib.prgrom_blk_mem_gen_prim_width__p...
Compiling module unisims_ver.RB36_INTERNAL_VLOG(DOA_REG=1,RDA...
Compiling module unisims_ver.RAMB36E1(DOA_REG=1,INITP_00=256'...
Compiling module xil_defaultlib.prgrom_blk_mem_gen_prim_wrapper_...
Compiling module xil_defaultlib.prgrom_blk_mem_gen_prim_width__p...
Compiling module xil_defaultlib.prgrom_blk_mem_gen_prim_wrapper_...
Compiling module xil_defaultlib.prgrom_blk_mem_gen_prim_width__p...
Compiling module xil_defaultlib.prgrom_blk_mem_gen_prim_wrapper_...
Compiling module xil_defaultlib.prgrom_blk_mem_gen_prim_width__p...
Compiling module xil_defaultlib.prgrom_blk_mem_gen_prim_wrapper_...
Compiling module xil_defaultlib.prgrom_blk_mem_gen_prim_width__p...
Compiling module unisims_ver.RB36_INTERNAL_VLOG(DOA_REG=1,RDA...
Compiling module unisims_ver.RAMB36E1(DOA_REG=1,INIT_00=256'b...
Compiling module xil_defaultlib.prgrom_blk_mem_gen_prim_wrapper_...
Compiling module xil_defaultlib.prgrom_blk_mem_gen_prim_width__p...
Compiling module unisims_ver.RB36_INTERNAL_VLOG(DOA_REG=1,RDA...
Compiling module unisims_ver.RAMB36E1(DOA_REG=1,INIT_00=256'b...
Compiling module xil_defaultlib.prgrom_blk_mem_gen_prim_wrapper_...
Compiling module xil_defaultlib.prgrom_blk_mem_gen_prim_width__p...
Compiling module unisims_ver.RB36_INTERNAL_VLOG(DOA_REG=1,RDA...
Compiling module unisims_ver.RAMB36E1(DOA_REG=1,INITP_00=256'...
Compiling module xil_defaultlib.prgrom_blk_mem_gen_prim_wrapper_...
Compiling module xil_defaultlib.prgrom_blk_mem_gen_prim_width__p...
Compiling module xil_defaultlib.prgrom_blk_mem_gen_prim_wrapper_...
Compiling module xil_defaultlib.prgrom_blk_mem_gen_prim_width__p...
Compiling module xil_defaultlib.prgrom_blk_mem_gen_prim_wrapper_...
Compiling module xil_defaultlib.prgrom_blk_mem_gen_prim_width__p...
Compiling module xil_defaultlib.prgrom_blk_mem_gen_prim_wrapper_...
Compiling module xil_defaultlib.prgrom_blk_mem_gen_prim_width__p...
Compiling module unisims_ver.RB36_INTERNAL_VLOG(DOA_REG=1,RDA...
Compiling module unisims_ver.RAMB36E1(DOA_REG=1,INITP_00=256'...
Compiling module xil_defaultlib.prgrom_blk_mem_gen_prim_wrapper_...
Compiling module xil_defaultlib.prgrom_blk_mem_gen_prim_width__p...
Compiling module xil_defaultlib.prgrom_blk_mem_gen_prim_wrapper_...
Compiling module xil_defaultlib.prgrom_blk_mem_gen_prim_width__p...
Compiling module xil_defaultlib.prgrom_blk_mem_gen_prim_wrapper_...
Compiling module xil_defaultlib.prgrom_blk_mem_gen_prim_width__p...
Compiling module xil_defaultlib.prgrom_blk_mem_gen_generic_cstr
Compiling module xil_defaultlib.prgrom_blk_mem_gen_top
Compiling module xil_defaultlib.prgrom_blk_mem_gen_v8_4_1_synth
Compiling module xil_defaultlib.prgrom_blk_mem_gen_v8_4_1
Compiling module xil_defaultlib.prgrom
Compiling module xil_defaultlib.Ifetc32
Compiling module xil_defaultlib.Idecode32
Compiling module xil_defaultlib.control32
Compiling module xil_defaultlib.Executs32
Compiling module xil_defaultlib.ram_bindec
Compiling module xil_defaultlib.ram_blk_mem_gen_mux
Compiling module unisims_ver.RB18_INTERNAL_VLOG(RDADDR_COLLIS...
Compiling module unisims_ver.RAMB18E1(INIT_00=256'b01,RDADDR_...
Compiling module xil_defaultlib.ram_blk_mem_gen_prim_wrapper_ini...
Compiling module xil_defaultlib.ram_blk_mem_gen_prim_width
Compiling module unisims_ver.RB36_INTERNAL_VLOG(RDADDR_COLLIS...
Compiling module unisims_ver.RAMB36E1(RDADDR_COLLISION_HWCONF...
Compiling module xil_defaultlib.ram_blk_mem_gen_prim_wrapper_ini...
Compiling module xil_defaultlib.ram_blk_mem_gen_prim_width__para...
Compiling module xil_defaultlib.ram_blk_mem_gen_prim_wrapper_ini...
Compiling module xil_defaultlib.ram_blk_mem_gen_prim_width__para...
Compiling module xil_defaultlib.ram_blk_mem_gen_prim_wrapper_ini...
Compiling module xil_defaultlib.ram_blk_mem_gen_prim_width__para...
Compiling module xil_defaultlib.ram_blk_mem_gen_prim_wrapper_ini...
Compiling module xil_defaultlib.ram_blk_mem_gen_prim_width__para...
Compiling module xil_defaultlib.ram_blk_mem_gen_prim_wrapper_ini...
Compiling module xil_defaultlib.ram_blk_mem_gen_prim_width__para...
Compiling module unisims_ver.RB36_INTERNAL_VLOG(RDADDR_COLLIS...
Compiling module unisims_ver.RAMB36E1(INIT_00=256'b0100000000...
Compiling module xil_defaultlib.ram_blk_mem_gen_prim_wrapper_ini...
Compiling module xil_defaultlib.ram_blk_mem_gen_prim_width__para...
Compiling module unisims_ver.RB36_INTERNAL_VLOG(RDADDR_COLLIS...
Compiling module unisims_ver.RAMB36E1(INIT_00=256'b0110,RDADD...
Compiling module xil_defaultlib.ram_blk_mem_gen_prim_wrapper_ini...
Compiling module xil_defaultlib.ram_blk_mem_gen_prim_width__para...
Compiling module unisims_ver.RB36_INTERNAL_VLOG(RDADDR_COLLIS...
Compiling module unisims_ver.RAMB36E1(INIT_00=256'b0100000000...
Compiling module xil_defaultlib.ram_blk_mem_gen_prim_wrapper_ini...
Compiling module xil_defaultlib.ram_blk_mem_gen_prim_width__para...
Compiling module xil_defaultlib.ram_blk_mem_gen_prim_wrapper_ini...
Compiling module xil_defaultlib.ram_blk_mem_gen_prim_width__para...
Compiling module xil_defaultlib.ram_blk_mem_gen_prim_wrapper_ini...
Compiling module xil_defaultlib.ram_blk_mem_gen_prim_width__para...
Compiling module xil_defaultlib.ram_blk_mem_gen_prim_wrapper_ini...
Compiling module xil_defaultlib.ram_blk_mem_gen_prim_width__para...
Compiling module xil_defaultlib.ram_blk_mem_gen_prim_wrapper_ini...
Compiling module xil_defaultlib.ram_blk_mem_gen_prim_width__para...
Compiling module xil_defaultlib.ram_blk_mem_gen_prim_wrapper_ini...
Compiling module xil_defaultlib.ram_blk_mem_gen_prim_width__para...
Compiling module xil_defaultlib.ram_blk_mem_gen_prim_wrapper_ini...
Compiling module xil_defaultlib.ram_blk_mem_gen_prim_width__para...
Compiling module xil_defaultlib.ram_blk_mem_gen_generic_cstr
Compiling module xil_defaultlib.ram_blk_mem_gen_top
Compiling module xil_defaultlib.ram_blk_mem_gen_v8_4_1_synth
Compiling module xil_defaultlib.ram_blk_mem_gen_v8_4_1
Compiling module xil_defaultlib.ram
Compiling module xil_defaultlib.dmemory32
Compiling module xil_defaultlib.minisys
Compiling module xil_defaultlib.minisys_sim
Compiling module xil_defaultlib.glbl
Built simulation snapshot minisys_sim_behav

****** Webtalk v2017.4 (64-bit)
  **** SW Build 2086221 on Fri Dec 15 20:55:39 MST 2017
  **** IP Build 2085800 on Fri Dec 15 22:25:07 MST 2017
    ** Copyright 1986-2017 Xilinx, Inc. All Rights Reserved.

source C:/Users/28193/Desktop/project11/project11.sim/sim_1/behav/xsim/xsim.dir/minisys_sim_behav/webtalk/xsim_webtalk.tcl -notrace
INFO: [Common 17-206] Exiting Webtalk at Thu May 14 13:24:17 2026...
run_program: Time (s): cpu = 00:00:01 ; elapsed = 00:00:39 . Memory (MB): peak = 1849.605 ; gain = 0.000
INFO: [USF-XSim-69] 'elaborate' step finished in '39' seconds
ERROR: [USF-XSim-62] 'elaborate' step failed with error(s) while executing 'C:/Users/28193/Desktop/project11/project11.sim/sim_1/behav/xsim/elaborate.bat' script. Please check that the file has the correct 'read/write/execute' permissions and the Tcl console output for any other possible errors or warnings.
ERROR: [Common 17-145] codecvt to wstring conversion failed '1'
ERROR: [Vivado 12-4473] Detected error while running simulation. Please correct the issue and retry this operation.
launch_simulation: Time (s): cpu = 00:00:04 ; elapsed = 00:00:46 . Memory (MB): peak = 1849.605 ; gain = 0.000
ERROR: [Common 17-39] 'launch_simulation' failed due to earlier errors.
launch_simulation
INFO: [Vivado 12-5698] Checking validity of IPs in the design for the 'XSim' simulator...
INFO: [Vivado 12-5682] Launching behavioral simulation in 'C:/Users/28193/Desktop/project11/project11.sim/sim_1/behav/xsim'
INFO: [Vivado 12-4795] Using compiled simulation libraries for IPs
INFO: [SIM-utils-51] Simulation object is 'sim_1'
INFO: [USF-XSim-7] Finding pre-compiled libraries...
INFO: [USF-XSim-11] File 'C:/Xilinx/Vivado/2017.4/data/xsim/ip/xsim_ip.ini' copied to run dir:'C:/Users/28193/Desktop/project11/project11.sim/sim_1/behav/xsim'
INFO: [SIM-utils-54] Inspecting design source files for 'minisys_sim' in fileset 'sim_1'...
INFO: [SIM-utils-43] Exported 'C:/Users/28193/Desktop/project11/project11.sim/sim_1/behav/xsim/prgrom.mif'
INFO: [SIM-utils-43] Exported 'C:/Users/28193/Desktop/project11/project11.sim/sim_1/behav/xsim/prgmip32.coe'
INFO: [SIM-utils-43] Exported 'C:/Users/28193/Desktop/project11/project11.sim/sim_1/behav/xsim/ram.mif'
INFO: [SIM-utils-43] Exported 'C:/Users/28193/Desktop/project11/project11.sim/sim_1/behav/xsim/dmem32.coe'
INFO: [USF-XSim-97] Finding global include files...
INFO: [USF-XSim-98] Fetching design files from 'sim_1'...
INFO: [USF-XSim-2] XSim::Compile design
INFO: [USF-XSim-61] Executing 'COMPILE and ANALYZE' step in 'C:/Users/28193/Desktop/project11/project11.sim/sim_1/behav/xsim'
"xvlog --incr --relax -prj minisys_sim_vlog.prj"
INFO: [USF-XSim-69] 'compile' step finished in '3' seconds
INFO: [USF-XSim-3] XSim::Elaborate design
INFO: [USF-XSim-61] Executing 'ELABORATE' step in 'C:/Users/28193/Desktop/project11/project11.sim/sim_1/behav/xsim'
Vivado Simulator 2017.4
Copyright 1986-1999, 2001-2016 Xilinx, Inc. All Rights Reserved.
Running: C:/Xilinx/Vivado/2017.4/bin/unwrapped/win64.o/xelab.exe -wto 794d52e606ed40eab47ba3248aa8da3f --incr --debug typical --relax --mt 2 -L xil_defaultlib -L unisims_ver -L unimacro_ver -L secureip -L xpm --snapshot minisys_sim_behav xil_defaultlib.minisys_sim xil_defaultlib.glbl -log elaborate.log 
Using 2 slave threads.
Starting static elaboration
Completed static elaboration
INFO: [XSIM 43-4323] No Change in HDL. Linking previously generated obj files to create kernel
run_program: Time (s): cpu = 00:00:00 ; elapsed = 00:00:09 . Memory (MB): peak = 1849.605 ; gain = 0.000
INFO: [USF-XSim-69] 'elaborate' step finished in '9' seconds
ERROR: [Common 17-145] codecvt to wstring conversion failed '1'
INFO: [USF-XSim-4] XSim::Simulate design
INFO: [USF-XSim-61] Executing 'SIMULATE' step in 'C:/Users/28193/Desktop/project11/project11.sim/sim_1/behav/xsim'
INFO: [USF-XSim-98] *** Running xsim
   with args "minisys_sim_behav -key {Behavioral:sim_1:Functional:minisys_sim} -tclbatch {minisys_sim.tcl} -view {C:/Users/28193/Desktop/project11/minisys_sim_behav1.wcfg} -log {simulate.log}"
INFO: [USF-XSim-8] Loading simulator feature
Vivado Simulator 2017.4
Time resolution is 1 ps
open_wave_config C:/Users/28193/Desktop/project11/minisys_sim_behav1.wcfg
source minisys_sim.tcl
# set curr_wave [current_wave_config]
# if { [string length $curr_wave] == 0 } {
#   if { [llength [get_objects]] > 0} {
#     add_wave /
#     set_property needs_save false [current_wave_config]
#   } else {
#      send_msg_id Add_Wave-1 WARNING "No top level signals found. Simulator will start without a wave window. If you want to open a wave window go to 'File->New Waveform Configuration' or type 'create_wave_config' in the TCL console."
#   }
# }
# run 1000ns
INFO: [USF-XSim-96] XSim completed. Design snapshot 'minisys_sim_behav' loaded.
INFO: [USF-XSim-97] XSim simulation ran for 1000ns
launch_simulation: Time (s): cpu = 00:00:10 ; elapsed = 00:00:17 . Memory (MB): peak = 1872.078 ; gain = 22.473
ERROR: [Common 17-39] 'launch_simulation' failed due to earlier errors.
ERROR: [Common 17-145] codecvt to wstring conversion failed '1'
close_sim
INFO: [Simtcl 6-16] Simulation closed
launch_simulation
INFO: [Vivado 12-5698] Checking validity of IPs in the design for the 'XSim' simulator...
INFO: [Vivado 12-5682] Launching behavioral simulation in 'C:/Users/28193/Desktop/project11/project11.sim/sim_1/behav/xsim'
INFO: [Vivado 12-4795] Using compiled simulation libraries for IPs
INFO: [SIM-utils-51] Simulation object is 'sim_1'
INFO: [USF-XSim-7] Finding pre-compiled libraries...
INFO: [USF-XSim-11] File 'C:/Xilinx/Vivado/2017.4/data/xsim/ip/xsim_ip.ini' copied to run dir:'C:/Users/28193/Desktop/project11/project11.sim/sim_1/behav/xsim'
INFO: [SIM-utils-54] Inspecting design source files for 'minisys_sim' in fileset 'sim_1'...
INFO: [SIM-utils-43] Exported 'C:/Users/28193/Desktop/project11/project11.sim/sim_1/behav/xsim/prgrom.mif'
INFO: [SIM-utils-43] Exported 'C:/Users/28193/Desktop/project11/project11.sim/sim_1/behav/xsim/prgmip32.coe'
INFO: [SIM-utils-43] Exported 'C:/Users/28193/Desktop/project11/project11.sim/sim_1/behav/xsim/ram.mif'
INFO: [SIM-utils-43] Exported 'C:/Users/28193/Desktop/project11/project11.sim/sim_1/behav/xsim/dmem32.coe'
INFO: [USF-XSim-97] Finding global include files...
INFO: [USF-XSim-98] Fetching design files from 'sim_1'...
INFO: [USF-XSim-2] XSim::Compile design
INFO: [USF-XSim-61] Executing 'COMPILE and ANALYZE' step in 'C:/Users/28193/Desktop/project11/project11.sim/sim_1/behav/xsim'
"xvlog --incr --relax -prj minisys_sim_vlog.prj"
INFO: [USF-XSim-69] 'compile' step finished in '2' seconds
INFO: [USF-XSim-3] XSim::Elaborate design
INFO: [USF-XSim-61] Executing 'ELABORATE' step in 'C:/Users/28193/Desktop/project11/project11.sim/sim_1/behav/xsim'
Vivado Simulator 2017.4
Copyright 1986-1999, 2001-2016 Xilinx, Inc. All Rights Reserved.
Running: C:/Xilinx/Vivado/2017.4/bin/unwrapped/win64.o/xelab.exe -wto 794d52e606ed40eab47ba3248aa8da3f --incr --debug typical --relax --mt 2 -L xil_defaultlib -L unisims_ver -L unimacro_ver -L secureip -L xpm --snapshot minisys_sim_behav xil_defaultlib.minisys_sim xil_defaultlib.glbl -log elaborate.log 
Using 2 slave threads.
Starting static elaboration
Completed static elaboration
INFO: [XSIM 43-4323] No Change in HDL. Linking previously generated obj files to create kernel
run_program: Time (s): cpu = 00:00:00 ; elapsed = 00:00:08 . Memory (MB): peak = 1874.777 ; gain = 0.000
INFO: [USF-XSim-69] 'elaborate' step finished in '8' seconds
ERROR: [Common 17-145] codecvt to wstring conversion failed '1'
INFO: [USF-XSim-4] XSim::Simulate design
INFO: [USF-XSim-61] Executing 'SIMULATE' step in 'C:/Users/28193/Desktop/project11/project11.sim/sim_1/behav/xsim'
INFO: [USF-XSim-98] *** Running xsim
   with args "minisys_sim_behav -key {Behavioral:sim_1:Functional:minisys_sim} -tclbatch {minisys_sim.tcl} -view {C:/Users/28193/Desktop/project11/minisys_sim_behav1.wcfg} -log {simulate.log}"
INFO: [USF-XSim-8] Loading simulator feature
Vivado Simulator 2017.4
Time resolution is 1 ps
open_wave_config C:/Users/28193/Desktop/project11/minisys_sim_behav1.wcfg
source minisys_sim.tcl
# set curr_wave [current_wave_config]
# if { [string length $curr_wave] == 0 } {
#   if { [llength [get_objects]] > 0} {
#     add_wave /
#     set_property needs_save false [current_wave_config]
#   } else {
#      send_msg_id Add_Wave-1 WARNING "No top level signals found. Simulator will start without a wave window. If you want to open a wave window go to 'File->New Waveform Configuration' or type 'create_wave_config' in the TCL console."
#   }
# }
# run 1000ns
INFO: [USF-XSim-96] XSim completed. Design snapshot 'minisys_sim_behav' loaded.
INFO: [USF-XSim-97] XSim simulation ran for 1000ns
launch_simulation: Time (s): cpu = 00:00:05 ; elapsed = 00:00:14 . Memory (MB): peak = 1874.777 ; gain = 0.000
ERROR: [Common 17-39] 'launch_simulation' failed due to earlier errors.
close_sim
INFO: [Simtcl 6-16] Simulation closed
launch_simulation
INFO: [Vivado 12-5698] Checking validity of IPs in the design for the 'XSim' simulator...
INFO: [Vivado 12-5682] Launching behavioral simulation in 'C:/Users/28193/Desktop/project11/project11.sim/sim_1/behav/xsim'
INFO: [Vivado 12-4795] Using compiled simulation libraries for IPs
INFO: [SIM-utils-51] Simulation object is 'sim_1'
INFO: [USF-XSim-7] Finding pre-compiled libraries...
INFO: [USF-XSim-11] File 'C:/Xilinx/Vivado/2017.4/data/xsim/ip/xsim_ip.ini' copied to run dir:'C:/Users/28193/Desktop/project11/project11.sim/sim_1/behav/xsim'
INFO: [SIM-utils-54] Inspecting design source files for 'minisys_sim' in fileset 'sim_1'...
INFO: [SIM-utils-43] Exported 'C:/Users/28193/Desktop/project11/project11.sim/sim_1/behav/xsim/prgrom.mif'
INFO: [SIM-utils-43] Exported 'C:/Users/28193/Desktop/project11/project11.sim/sim_1/behav/xsim/prgmip32.coe'
INFO: [SIM-utils-43] Exported 'C:/Users/28193/Desktop/project11/project11.sim/sim_1/behav/xsim/ram.mif'
INFO: [SIM-utils-43] Exported 'C:/Users/28193/Desktop/project11/project11.sim/sim_1/behav/xsim/dmem32.coe'
INFO: [USF-XSim-97] Finding global include files...
INFO: [USF-XSim-98] Fetching design files from 'sim_1'...
INFO: [USF-XSim-2] XSim::Compile design
INFO: [USF-XSim-61] Executing 'COMPILE and ANALYZE' step in 'C:/Users/28193/Desktop/project11/project11.sim/sim_1/behav/xsim'
"xvlog --incr --relax -prj minisys_sim_vlog.prj"
INFO: [USF-XSim-69] 'compile' step finished in '2' seconds
INFO: [USF-XSim-3] XSim::Elaborate design
INFO: [USF-XSim-61] Executing 'ELABORATE' step in 'C:/Users/28193/Desktop/project11/project11.sim/sim_1/behav/xsim'
Vivado Simulator 2017.4
Copyright 1986-1999, 2001-2016 Xilinx, Inc. All Rights Reserved.
Running: C:/Xilinx/Vivado/2017.4/bin/unwrapped/win64.o/xelab.exe -wto 794d52e606ed40eab47ba3248aa8da3f --incr --debug typical --relax --mt 2 -L xil_defaultlib -L unisims_ver -L unimacro_ver -L secureip -L xpm --snapshot minisys_sim_behav xil_defaultlib.minisys_sim xil_defaultlib.glbl -log elaborate.log 
Using 2 slave threads.
Starting static elaboration
Completed static elaboration
INFO: [XSIM 43-4323] No Change in HDL. Linking previously generated obj files to create kernel
run_program: Time (s): cpu = 00:00:00 ; elapsed = 00:00:09 . Memory (MB): peak = 1874.777 ; gain = 0.000
INFO: [USF-XSim-69] 'elaborate' step finished in '9' seconds
ERROR: [Common 17-145] codecvt to wstring conversion failed '1'
INFO: [USF-XSim-4] XSim::Simulate design
INFO: [USF-XSim-61] Executing 'SIMULATE' step in 'C:/Users/28193/Desktop/project11/project11.sim/sim_1/behav/xsim'
INFO: [USF-XSim-98] *** Running xsim
   with args "minisys_sim_behav -key {Behavioral:sim_1:Functional:minisys_sim} -tclbatch {minisys_sim.tcl} -view {C:/Users/28193/Desktop/project11/minisys_sim_behav1.wcfg} -log {simulate.log}"
INFO: [USF-XSim-8] Loading simulator feature
Vivado Simulator 2017.4
Time resolution is 1 ps
open_wave_config C:/Users/28193/Desktop/project11/minisys_sim_behav1.wcfg
source minisys_sim.tcl
# set curr_wave [current_wave_config]
# if { [string length $curr_wave] == 0 } {
#   if { [llength [get_objects]] > 0} {
#     add_wave /
#     set_property needs_save false [current_wave_config]
#   } else {
#      send_msg_id Add_Wave-1 WARNING "No top level signals found. Simulator will start without a wave window. If you want to open a wave window go to 'File->New Waveform Configuration' or type 'create_wave_config' in the TCL console."
#   }
# }
# run 1000ns
INFO: [USF-XSim-96] XSim completed. Design snapshot 'minisys_sim_behav' loaded.
INFO: [USF-XSim-97] XSim simulation ran for 1000ns
launch_simulation: Time (s): cpu = 00:00:06 ; elapsed = 00:00:15 . Memory (MB): peak = 1874.777 ; gain = 0.000
ERROR: [Common 17-39] 'launch_simulation' failed due to earlier errors.
ERROR: [Common 17-145] codecvt to wstring conversion failed '1'
set_msg_config -suppress -id {Common 17-145} -string {{ERROR: [Common 17-145] codecvt to wstring conversion failed '1'} } 
close_sim
INFO: [Simtcl 6-16] Simulation closed
launch_simulation
INFO: [Vivado 12-5698] Checking validity of IPs in the design for the 'XSim' simulator...
INFO: [Vivado 12-5682] Launching behavioral simulation in 'C:/Users/28193/Desktop/project11/project11.sim/sim_1/behav/xsim'
INFO: [Vivado 12-4795] Using compiled simulation libraries for IPs
INFO: [SIM-utils-51] Simulation object is 'sim_1'
INFO: [USF-XSim-7] Finding pre-compiled libraries...
INFO: [USF-XSim-11] File 'C:/Xilinx/Vivado/2017.4/data/xsim/ip/xsim_ip.ini' copied to run dir:'C:/Users/28193/Desktop/project11/project11.sim/sim_1/behav/xsim'
INFO: [SIM-utils-54] Inspecting design source files for 'minisys_sim' in fileset 'sim_1'...
INFO: [SIM-utils-43] Exported 'C:/Users/28193/Desktop/project11/project11.sim/sim_1/behav/xsim/prgrom.mif'
INFO: [SIM-utils-43] Exported 'C:/Users/28193/Desktop/project11/project11.sim/sim_1/behav/xsim/prgmip32.coe'
INFO: [SIM-utils-43] Exported 'C:/Users/28193/Desktop/project11/project11.sim/sim_1/behav/xsim/ram.mif'
INFO: [SIM-utils-43] Exported 'C:/Users/28193/Desktop/project11/project11.sim/sim_1/behav/xsim/dmem32.coe'
INFO: [USF-XSim-97] Finding global include files...
INFO: [USF-XSim-98] Fetching design files from 'sim_1'...
INFO: [USF-XSim-2] XSim::Compile design
INFO: [USF-XSim-61] Executing 'COMPILE and ANALYZE' step in 'C:/Users/28193/Desktop/project11/project11.sim/sim_1/behav/xsim'
"xvlog --incr --relax -prj minisys_sim_vlog.prj"
INFO: [USF-XSim-69] 'compile' step finished in '3' seconds
INFO: [USF-XSim-3] XSim::Elaborate design
INFO: [USF-XSim-61] Executing 'ELABORATE' step in 'C:/Users/28193/Desktop/project11/project11.sim/sim_1/behav/xsim'
Vivado Simulator 2017.4
Copyright 1986-1999, 2001-2016 Xilinx, Inc. All Rights Reserved.
Running: C:/Xilinx/Vivado/2017.4/bin/unwrapped/win64.o/xelab.exe -wto 794d52e606ed40eab47ba3248aa8da3f --incr --debug typical --relax --mt 2 -L xil_defaultlib -L unisims_ver -L unimacro_ver -L secureip -L xpm --snapshot minisys_sim_behav xil_defaultlib.minisys_sim xil_defaultlib.glbl -log elaborate.log 
Using 2 slave threads.
Starting static elaboration
Completed static elaboration
INFO: [XSIM 43-4323] No Change in HDL. Linking previously generated obj files to create kernel
run_program: Time (s): cpu = 00:00:01 ; elapsed = 00:00:13 . Memory (MB): peak = 1877.781 ; gain = 0.000
INFO: [USF-XSim-69] 'elaborate' step finished in '13' seconds
INFO: [USF-XSim-4] XSim::Simulate design
INFO: [USF-XSim-61] Executing 'SIMULATE' step in 'C:/Users/28193/Desktop/project11/project11.sim/sim_1/behav/xsim'
INFO: [USF-XSim-98] *** Running xsim
   with args "minisys_sim_behav -key {Behavioral:sim_1:Functional:minisys_sim} -tclbatch {minisys_sim.tcl} -view {C:/Users/28193/Desktop/project11/minisys_sim_behav1.wcfg} -log {simulate.log}"
INFO: [USF-XSim-8] Loading simulator feature
Vivado Simulator 2017.4
Time resolution is 1 ps
open_wave_config C:/Users/28193/Desktop/project11/minisys_sim_behav1.wcfg
source minisys_sim.tcl
# set curr_wave [current_wave_config]
# if { [string length $curr_wave] == 0 } {
#   if { [llength [get_objects]] > 0} {
#     add_wave /
#     set_property needs_save false [current_wave_config]
#   } else {
#      send_msg_id Add_Wave-1 WARNING "No top level signals found. Simulator will start without a wave window. If you want to open a wave window go to 'File->New Waveform Configuration' or type 'create_wave_config' in the TCL console."
#   }
# }
# run 1000ns
INFO: [USF-XSim-96] XSim completed. Design snapshot 'minisys_sim_behav' loaded.
INFO: [USF-XSim-97] XSim simulation ran for 1000ns
launch_simulation: Time (s): cpu = 00:00:05 ; elapsed = 00:00:19 . Memory (MB): peak = 1877.781 ; gain = 0.000
close_sim
INFO: [Simtcl 6-16] Simulation closed
launch_simulation
INFO: [Vivado 12-5698] Checking validity of IPs in the design for the 'XSim' simulator...
INFO: [Vivado 12-5682] Launching behavioral simulation in 'C:/Users/28193/Desktop/project11/project11.sim/sim_1/behav/xsim'
INFO: [Vivado 12-4795] Using compiled simulation libraries for IPs
INFO: [SIM-utils-51] Simulation object is 'sim_1'
INFO: [USF-XSim-7] Finding pre-compiled libraries...
INFO: [USF-XSim-11] File 'C:/Xilinx/Vivado/2017.4/data/xsim/ip/xsim_ip.ini' copied to run dir:'C:/Users/28193/Desktop/project11/project11.sim/sim_1/behav/xsim'
INFO: [SIM-utils-54] Inspecting design source files for 'minisys_sim' in fileset 'sim_1'...
INFO: [SIM-utils-43] Exported 'C:/Users/28193/Desktop/project11/project11.sim/sim_1/behav/xsim/prgrom.mif'
INFO: [SIM-utils-43] Exported 'C:/Users/28193/Desktop/project11/project11.sim/sim_1/behav/xsim/prgmip32.coe'
INFO: [SIM-utils-43] Exported 'C:/Users/28193/Desktop/project11/project11.sim/sim_1/behav/xsim/ram.mif'
INFO: [SIM-utils-43] Exported 'C:/Users/28193/Desktop/project11/project11.sim/sim_1/behav/xsim/dmem32.coe'
INFO: [USF-XSim-97] Finding global include files...
INFO: [USF-XSim-98] Fetching design files from 'sim_1'...
INFO: [USF-XSim-2] XSim::Compile design
INFO: [USF-XSim-61] Executing 'COMPILE and ANALYZE' step in 'C:/Users/28193/Desktop/project11/project11.sim/sim_1/behav/xsim'
"xvlog --incr --relax -prj minisys_sim_vlog.prj"
INFO: [USF-XSim-69] 'compile' step finished in '2' seconds
INFO: [USF-XSim-3] XSim::Elaborate design
INFO: [USF-XSim-61] Executing 'ELABORATE' step in 'C:/Users/28193/Desktop/project11/project11.sim/sim_1/behav/xsim'
Vivado Simulator 2017.4
Copyright 1986-1999, 2001-2016 Xilinx, Inc. All Rights Reserved.
Running: C:/Xilinx/Vivado/2017.4/bin/unwrapped/win64.o/xelab.exe -wto 794d52e606ed40eab47ba3248aa8da3f --incr --debug typical --relax --mt 2 -L xil_defaultlib -L unisims_ver -L unimacro_ver -L secureip -L xpm --snapshot minisys_sim_behav xil_defaultlib.minisys_sim xil_defaultlib.glbl -log elaborate.log 
Using 2 slave threads.
Starting static elaboration
Completed static elaboration
INFO: [XSIM 43-4323] No Change in HDL. Linking previously generated obj files to create kernel
run_program: Time (s): cpu = 00:00:00 ; elapsed = 00:00:09 . Memory (MB): peak = 1879.621 ; gain = 0.000
INFO: [USF-XSim-69] 'elaborate' step finished in '9' seconds
INFO: [USF-XSim-4] XSim::Simulate design
INFO: [USF-XSim-61] Executing 'SIMULATE' step in 'C:/Users/28193/Desktop/project11/project11.sim/sim_1/behav/xsim'
INFO: [USF-XSim-98] *** Running xsim
   with args "minisys_sim_behav -key {Behavioral:sim_1:Functional:minisys_sim} -tclbatch {minisys_sim.tcl} -view {C:/Users/28193/Desktop/project11/minisys_sim_behav1.wcfg} -log {simulate.log}"
INFO: [USF-XSim-8] Loading simulator feature
Vivado Simulator 2017.4
Time resolution is 1 ps
open_wave_config C:/Users/28193/Desktop/project11/minisys_sim_behav1.wcfg
source minisys_sim.tcl
# set curr_wave [current_wave_config]
# if { [string length $curr_wave] == 0 } {
#   if { [llength [get_objects]] > 0} {
#     add_wave /
#     set_property needs_save false [current_wave_config]
#   } else {
#      send_msg_id Add_Wave-1 WARNING "No top level signals found. Simulator will start without a wave window. If you want to open a wave window go to 'File->New Waveform Configuration' or type 'create_wave_config' in the TCL console."
#   }
# }
# run 1000ns
INFO: [USF-XSim-96] XSim completed. Design snapshot 'minisys_sim_behav' loaded.
INFO: [USF-XSim-97] XSim simulation ran for 1000ns
launch_simulation: Time (s): cpu = 00:00:10 ; elapsed = 00:00:16 . Memory (MB): peak = 1879.621 ; gain = 0.000
close_sim
INFO: [Simtcl 6-16] Simulation closed
exit
INFO: [Common 17-206] Exiting Vivado at Thu May 14 13:32:12 2026...
