INFO: [VRFC 10-2263] Analyzing Verilog file "E:/project11/project11.srcs/sources_1/ip/ram/sim/ram.v" into library xil_defaultlib
INFO: [VRFC 10-311] analyzing module ram
INFO: [VRFC 10-2263] Analyzing Verilog file "E:/project11/project11.srcs/sources_1/ip/prgrom/sim/prgrom.v" into library xil_defaultlib
INFO: [VRFC 10-311] analyzing module prgrom
INFO: [VRFC 10-2263] Analyzing Verilog file "E:/project11/project11.srcs/sources_1/ip/cpuclk/cpuclk_clk_wiz.v" into library xil_defaultlib
INFO: [VRFC 10-311] analyzing module cpuclk_clk_wiz
INFO: [VRFC 10-2263] Analyzing Verilog file "E:/project11/project11.srcs/sources_1/ip/cpuclk/cpuclk.v" into library xil_defaultlib
INFO: [VRFC 10-311] analyzing module cpuclk
INFO: [VRFC 10-2263] Analyzing Verilog file "E:/project11/project11.srcs/sources_1/imports/小组/Ifetc32.v" into library xil_defaultlib
INFO: [VRFC 10-311] analyzing module Ifetc32
INFO: [VRFC 10-2263] Analyzing Verilog file "E:/project11/project11.srcs/sources_1/imports/小组/control32.v" into library xil_defaultlib
INFO: [VRFC 10-311] analyzing module control32
INFO: [VRFC 10-2263] Analyzing Verilog file "E:/project11/project11.srcs/sources_1/imports/小组/dmemory32.v" into library xil_defaultlib
INFO: [VRFC 10-311] analyzing module dmemory32
INFO: [VRFC 10-2263] Analyzing Verilog file "E:/project11/project11.srcs/sources_1/imports/小组/executs32.v" into library xil_defaultlib
INFO: [VRFC 10-311] analyzing module Executs32
INFO: [VRFC 10-2263] Analyzing Verilog file "E:/project11/project11.srcs/sources_1/imports/小组/idecode32.v" into library xil_defaultlib
INFO: [VRFC 10-311] analyzing module Idecode32
INFO: [VRFC 10-2263] Analyzing Verilog file "E:/project11/project11.srcs/sources_1/imports/小组/minisys.v" into library xil_defaultlib
INFO: [VRFC 10-311] analyzing module minisys
INFO: [VRFC 10-2263] Analyzing Verilog file "E:/project11/project11.srcs/sim_1/imports/sim/minisys_sim.v" into library xil_defaultlib
INFO: [VRFC 10-311] analyzing module minisys_sim
INFO: [VRFC 10-2263] Analyzing Verilog file "E:/project11/project11.sim/sim_1/behav/glbl.v" into library xil_defaultlib
INFO: [VRFC 10-311] analyzing module glbl
