Unable to capture context for thread 16204 in process 11296, can not generate back trace
Exception at PC 0x00007FFDCB50BB93
Printing stacktrace...

[0]  [0x00007FFDCB50BB93]
[1]  [0x00007FFDCB50BB93]
[2]  [0x00007FFDCB50B4A1]
[3]  [0x00007FFDCB50B3EF]
[4]  [0x00007FFDCB4F19FE]
[5]  [0x00007FFDCB4F0ED1]
[6]  [0x00007FFDCB4F0D76]
[7]  [0x00007FFDCB4979F6]
[8]  [0x00007FFDCB487AFB]
[9]  [0x00007FFDCB5AE90A]
[10]  [0x00007FFDCB5C9F87]
[11]  [0x00007FFDCB5CA05F]
[12] (BaseThreadInitThunk+0x14) [0x00007FFE49DE7034]
[13] (RtlUserThreadStart+0x21) [0x00007FFE4B582651]
Done
Exception at PC 0x00007FFDCB211A52
Attemped to write at address 0x00007FFE0573ABA4
Printing stacktrace...

[0]  [0x00007FFDCB211A52]
[1]  [0x00007FFDCB211A52]
[2]  [0x00007FFDCB211AD4]
[3]  [0x00007FFDCB353FF7]
[4]  [0x00007FFDCB239128]
[5]  [0x00007FFDCB4EDFB9]
[6]  [0x00007FFDCB6BEF23]
[7]  [0x00007FFDCB5CB06B]
[8]  [0x00007FFDCB5C08AF]
[9]  [0x00007FFDCB5C0A32]
[10] (RtlActivateActivationContextUnsafeFast+0x11d) [0x00007FFE4B549A1D]
[11] (LdrShutdownProcess+0x141) [0x00007FFE4B58DB91]
[12] (RtlExitUserProcess+0xad) [0x00007FFE4B58DA2D]
[13] (FatalExit+0xb) [0x00007FFE49DEE0AB]
[14] (exit+0x85) [0x00007FFE495BA155]
[15] (initterm_e+0x245) [0x00007FFE495BA7C5]
[16]  [0x00000000004014CD]
[17]  [0x000000000040151B]
[18] (BaseThreadInitThunk+0x14) [0x00007FFE49DE7034]
[19] (RtlUserThreadStart+0x21) [0x00007FFE4B582651]
Done
