
*** Running vivado
    with args -log minisys.vds -m64 -product Vivado -mode batch -messageDb vivado.pb -notrace -source minisys.tcl


****** Vivado v2017.4 (64-bit)
  **** SW Build 2086221 on Fri Dec 15 20:55:39 MST 2017
  **** IP Build 2085800 on Fri Dec 15 22:25:07 MST 2017
    ** Copyright 1986-2017 Xilinx, Inc. All Rights Reserved.

source minisys.tcl -notrace
Command: synth_design -top minisys -part xc7a100tfgg484-1
Starting synth_design
Attempting to get a license for feature 'Synthesis' and/or device 'xc7a100t'
INFO: [Common 17-349] Got license for feature 'Synthesis' and/or device 'xc7a100t'
INFO: Launching helper process for spawning children vivado processes
INFO: Helper process launched with PID 29588 
---------------------------------------------------------------------------------
Starting RTL Elaboration : Time (s): cpu = 00:00:09 ; elapsed = 00:00:10 . Memory (MB): peak = 405.305 ; gain = 101.402
---------------------------------------------------------------------------------
INFO: [Synth 8-638] synthesizing module 'minisys' [C:/Users/28193/Desktop/project11/project11.srcs/sources_1/imports/小组/minisys.v:3]
INFO: [Synth 8-638] synthesizing module 'cpuclk' [C:/Users/28193/Desktop/project11/project11.runs/synth_1/.Xil/Vivado-32664-DESKTOP-7CSVCQJ/realtime/cpuclk_stub.v:5]
INFO: [Synth 8-256] done synthesizing module 'cpuclk' (1#1) [C:/Users/28193/Desktop/project11/project11.runs/synth_1/.Xil/Vivado-32664-DESKTOP-7CSVCQJ/realtime/cpuclk_stub.v:5]
INFO: [Synth 8-638] synthesizing module 'Ifetc32' [C:/Users/28193/Desktop/project11/project11.srcs/sources_1/imports/小组/Ifetc32.v:4]
INFO: [Synth 8-638] synthesizing module 'prgrom' [C:/Users/28193/Desktop/project11/project11.runs/synth_1/.Xil/Vivado-32664-DESKTOP-7CSVCQJ/realtime/prgrom_stub.v:6]
INFO: [Synth 8-256] done synthesizing module 'prgrom' (2#1) [C:/Users/28193/Desktop/project11/project11.runs/synth_1/.Xil/Vivado-32664-DESKTOP-7CSVCQJ/realtime/prgrom_stub.v:6]
INFO: [Synth 8-256] done synthesizing module 'Ifetc32' (3#1) [C:/Users/28193/Desktop/project11/project11.srcs/sources_1/imports/小组/Ifetc32.v:4]
INFO: [Synth 8-638] synthesizing module 'Idecode32' [C:/Users/28193/Desktop/project11/project11.srcs/sources_1/imports/小组/idecode32.v:4]
INFO: [Synth 8-256] done synthesizing module 'Idecode32' (4#1) [C:/Users/28193/Desktop/project11/project11.srcs/sources_1/imports/小组/idecode32.v:4]
INFO: [Synth 8-638] synthesizing module 'control32' [C:/Users/28193/Desktop/project11/project11.srcs/sources_1/imports/小组/control32.v:4]
INFO: [Synth 8-256] done synthesizing module 'control32' (5#1) [C:/Users/28193/Desktop/project11/project11.srcs/sources_1/imports/小组/control32.v:4]
INFO: [Synth 8-638] synthesizing module 'Executs32' [C:/Users/28193/Desktop/project11/project11.srcs/sources_1/imports/小组/executs32.v:4]
INFO: [Synth 8-226] default block is never used [C:/Users/28193/Desktop/project11/project11.srcs/sources_1/imports/小组/executs32.v:37]
INFO: [Synth 8-256] done synthesizing module 'Executs32' (6#1) [C:/Users/28193/Desktop/project11/project11.srcs/sources_1/imports/小组/executs32.v:4]
INFO: [Synth 8-638] synthesizing module 'dmemory32' [C:/Users/28193/Desktop/project11/project11.srcs/sources_1/imports/小组/dmemory32.v:3]
INFO: [Synth 8-638] synthesizing module 'ram' [C:/Users/28193/Desktop/project11/project11.runs/synth_1/.Xil/Vivado-32664-DESKTOP-7CSVCQJ/realtime/ram_stub.v:6]
INFO: [Synth 8-256] done synthesizing module 'ram' (7#1) [C:/Users/28193/Desktop/project11/project11.runs/synth_1/.Xil/Vivado-32664-DESKTOP-7CSVCQJ/realtime/ram_stub.v:6]
INFO: [Synth 8-256] done synthesizing module 'dmemory32' (8#1) [C:/Users/28193/Desktop/project11/project11.srcs/sources_1/imports/小组/dmemory32.v:3]
WARNING: [Synth 8-3848] Net d in module/entity minisys does not have driver. [C:/Users/28193/Desktop/project11/project11.srcs/sources_1/imports/小组/minisys.v:6]
INFO: [Synth 8-256] done synthesizing module 'minisys' (9#1) [C:/Users/28193/Desktop/project11/project11.srcs/sources_1/imports/小组/minisys.v:3]
WARNING: [Synth 8-3331] design dmemory32 has unconnected port address[31]
WARNING: [Synth 8-3331] design dmemory32 has unconnected port address[30]
WARNING: [Synth 8-3331] design dmemory32 has unconnected port address[29]
WARNING: [Synth 8-3331] design dmemory32 has unconnected port address[28]
WARNING: [Synth 8-3331] design dmemory32 has unconnected port address[27]
WARNING: [Synth 8-3331] design dmemory32 has unconnected port address[26]
WARNING: [Synth 8-3331] design dmemory32 has unconnected port address[25]
WARNING: [Synth 8-3331] design dmemory32 has unconnected port address[24]
WARNING: [Synth 8-3331] design dmemory32 has unconnected port address[23]
WARNING: [Synth 8-3331] design dmemory32 has unconnected port address[22]
WARNING: [Synth 8-3331] design dmemory32 has unconnected port address[21]
WARNING: [Synth 8-3331] design dmemory32 has unconnected port address[20]
WARNING: [Synth 8-3331] design dmemory32 has unconnected port address[19]
WARNING: [Synth 8-3331] design dmemory32 has unconnected port address[18]
WARNING: [Synth 8-3331] design dmemory32 has unconnected port address[17]
WARNING: [Synth 8-3331] design dmemory32 has unconnected port address[16]
WARNING: [Synth 8-3331] design dmemory32 has unconnected port address[1]
WARNING: [Synth 8-3331] design dmemory32 has unconnected port address[0]
WARNING: [Synth 8-3331] design Executs32 has unconnected port Function_opcode[5]
WARNING: [Synth 8-3331] design Executs32 has unconnected port Function_opcode[4]
WARNING: [Synth 8-3331] design Executs32 has unconnected port Opcode[5]
WARNING: [Synth 8-3331] design Executs32 has unconnected port Opcode[4]
WARNING: [Synth 8-3331] design Executs32 has unconnected port Opcode[3]
WARNING: [Synth 8-3331] design minisys has unconnected port d
---------------------------------------------------------------------------------
Finished RTL Elaboration : Time (s): cpu = 00:00:10 ; elapsed = 00:00:11 . Memory (MB): peak = 457.180 ; gain = 153.277
---------------------------------------------------------------------------------

Report Check Netlist: 
+------+------------------+-------+---------+-------+------------------+
|      |Item              |Errors |Warnings |Status |Description       |
+------+------------------+-------+---------+-------+------------------+
|1     |multi_driven_nets |      0|        0|Passed |Multi driven nets |
+------+------------------+-------+---------+-------+------------------+
---------------------------------------------------------------------------------
Finished RTL Optimization Phase 1 : Time (s): cpu = 00:00:11 ; elapsed = 00:00:11 . Memory (MB): peak = 457.180 ; gain = 153.277
---------------------------------------------------------------------------------
INFO: [Device 21-403] Loading part xc7a100tfgg484-1
INFO: [Project 1-570] Preparing netlist for logic optimization

Processing XDC Constraints
Initializing timing engine
Parsing XDC File [C:/Users/28193/Desktop/project11/project11.runs/synth_1/.Xil/Vivado-32664-DESKTOP-7CSVCQJ/dcp3/prgrom_in_context.xdc] for cell 'ifetch/instmem'
Finished Parsing XDC File [C:/Users/28193/Desktop/project11/project11.runs/synth_1/.Xil/Vivado-32664-DESKTOP-7CSVCQJ/dcp3/prgrom_in_context.xdc] for cell 'ifetch/instmem'
Parsing XDC File [C:/Users/28193/Desktop/project11/project11.runs/synth_1/.Xil/Vivado-32664-DESKTOP-7CSVCQJ/dcp4/cpuclk_in_context.xdc] for cell 'cpuclk'
Finished Parsing XDC File [C:/Users/28193/Desktop/project11/project11.runs/synth_1/.Xil/Vivado-32664-DESKTOP-7CSVCQJ/dcp4/cpuclk_in_context.xdc] for cell 'cpuclk'
Parsing XDC File [C:/Users/28193/Desktop/project11/project11.runs/synth_1/.Xil/Vivado-32664-DESKTOP-7CSVCQJ/dcp5/ram_in_context.xdc] for cell 'memory/ram'
Finished Parsing XDC File [C:/Users/28193/Desktop/project11/project11.runs/synth_1/.Xil/Vivado-32664-DESKTOP-7CSVCQJ/dcp5/ram_in_context.xdc] for cell 'memory/ram'
Completed Processing XDC Constraints

INFO: [Project 1-111] Unisim Transformation Summary:
No Unisim elements were transformed.

Constraint Validation Runtime : Time (s): cpu = 00:00:00 ; elapsed = 00:00:00.022 . Memory (MB): peak = 810.887 ; gain = 0.277
---------------------------------------------------------------------------------
Finished Constraint Validation : Time (s): cpu = 00:00:28 ; elapsed = 00:00:31 . Memory (MB): peak = 810.887 ; gain = 506.984
---------------------------------------------------------------------------------
---------------------------------------------------------------------------------
Start Loading Part and Timing Information
---------------------------------------------------------------------------------
Loading part: xc7a100tfgg484-1
---------------------------------------------------------------------------------
Finished Loading Part and Timing Information : Time (s): cpu = 00:00:28 ; elapsed = 00:00:31 . Memory (MB): peak = 810.887 ; gain = 506.984
---------------------------------------------------------------------------------
---------------------------------------------------------------------------------
Start Applying 'set_property' XDC Constraints
---------------------------------------------------------------------------------
Applied set_property IO_BUFFER_TYPE = NONE for clk. (constraint file  C:/Users/28193/Desktop/project11/project11.runs/synth_1/.Xil/Vivado-32664-DESKTOP-7CSVCQJ/dcp4/cpuclk_in_context.xdc, line 3).
Applied set_property CLOCK_BUFFER_TYPE = NONE for clk. (constraint file  C:/Users/28193/Desktop/project11/project11.runs/synth_1/.Xil/Vivado-32664-DESKTOP-7CSVCQJ/dcp4/cpuclk_in_context.xdc, line 4).
Applied set_property DONT_TOUCH = true for cpuclk. (constraint file  auto generated constraint, line ).
Applied set_property DONT_TOUCH = true for ifetch/instmem. (constraint file  auto generated constraint, line ).
Applied set_property DONT_TOUCH = true for memory/ram. (constraint file  auto generated constraint, line ).
---------------------------------------------------------------------------------
Finished applying 'set_property' XDC Constraints : Time (s): cpu = 00:00:28 ; elapsed = 00:00:31 . Memory (MB): peak = 810.887 ; gain = 506.984
---------------------------------------------------------------------------------
INFO: [Synth 8-5544] ROM "PC" won't be mapped to Block RAM because address size (1) smaller than threshold (5)
INFO: [Synth 8-5544] ROM "opcplus4" won't be mapped to Block RAM because address size (1) smaller than threshold (5)
INFO: [Synth 8-5546] ROM "register_reg[0]" won't be mapped to RAM because it is too sparse
INFO: [Synth 8-5546] ROM "register_reg[1]" won't be mapped to RAM because it is too sparse
INFO: [Synth 8-5546] ROM "register_reg[2]" won't be mapped to RAM because it is too sparse
INFO: [Synth 8-5546] ROM "register_reg[3]" won't be mapped to RAM because it is too sparse
INFO: [Synth 8-5546] ROM "register_reg[4]" won't be mapped to RAM because it is too sparse
INFO: [Synth 8-5546] ROM "register_reg[5]" won't be mapped to RAM because it is too sparse
INFO: [Synth 8-5546] ROM "register_reg[6]" won't be mapped to RAM because it is too sparse
INFO: [Synth 8-5546] ROM "register_reg[7]" won't be mapped to RAM because it is too sparse
INFO: [Synth 8-5546] ROM "register_reg[8]" won't be mapped to RAM because it is too sparse
INFO: [Synth 8-5546] ROM "register_reg[9]" won't be mapped to RAM because it is too sparse
INFO: [Synth 8-5546] ROM "register_reg[10]" won't be mapped to RAM because it is too sparse
INFO: [Synth 8-5546] ROM "register_reg[11]" won't be mapped to RAM because it is too sparse
INFO: [Synth 8-5546] ROM "register_reg[12]" won't be mapped to RAM because it is too sparse
INFO: [Synth 8-5546] ROM "register_reg[13]" won't be mapped to RAM because it is too sparse
INFO: [Synth 8-5546] ROM "register_reg[14]" won't be mapped to RAM because it is too sparse
INFO: [Synth 8-5546] ROM "register_reg[15]" won't be mapped to RAM because it is too sparse
INFO: [Synth 8-5546] ROM "register_reg[16]" won't be mapped to RAM because it is too sparse
INFO: [Synth 8-5546] ROM "register_reg[17]" won't be mapped to RAM because it is too sparse
INFO: [Synth 8-5546] ROM "register_reg[18]" won't be mapped to RAM because it is too sparse
INFO: [Synth 8-5546] ROM "register_reg[19]" won't be mapped to RAM because it is too sparse
INFO: [Synth 8-5546] ROM "register_reg[20]" won't be mapped to RAM because it is too sparse
INFO: [Synth 8-5546] ROM "register_reg[21]" won't be mapped to RAM because it is too sparse
INFO: [Synth 8-5546] ROM "register_reg[22]" won't be mapped to RAM because it is too sparse
INFO: [Synth 8-5546] ROM "register_reg[23]" won't be mapped to RAM because it is too sparse
INFO: [Synth 8-5546] ROM "register_reg[24]" won't be mapped to RAM because it is too sparse
INFO: [Synth 8-5546] ROM "register_reg[25]" won't be mapped to RAM because it is too sparse
INFO: [Synth 8-5546] ROM "register_reg[26]" won't be mapped to RAM because it is too sparse
INFO: [Synth 8-5546] ROM "register_reg[27]" won't be mapped to RAM because it is too sparse
INFO: [Synth 8-5546] ROM "register_reg[28]" won't be mapped to RAM because it is too sparse
INFO: [Synth 8-5546] ROM "register_reg[29]" won't be mapped to RAM because it is too sparse
INFO: [Synth 8-5546] ROM "register_reg[30]" won't be mapped to RAM because it is too sparse
INFO: [Synth 8-5546] ROM "register_reg[31]" won't be mapped to RAM because it is too sparse
INFO: [Synth 8-5544] ROM "I_format" won't be mapped to Block RAM because address size (3) smaller than threshold (5)
INFO: [Synth 8-5546] ROM "Lw" won't be mapped to RAM because it is too sparse
INFO: [Synth 8-5546] ROM "Sw" won't be mapped to RAM because it is too sparse
INFO: [Synth 8-5546] ROM "Jal" won't be mapped to RAM because it is too sparse
INFO: [Synth 8-5546] ROM "Branch" won't be mapped to RAM because it is too sparse
INFO: [Synth 8-5546] ROM "nBranch" won't be mapped to RAM because it is too sparse
INFO: [Synth 8-5546] ROM "Jmp" won't be mapped to RAM because it is too sparse
INFO: [Synth 8-5818] HDL ADVISOR - The operator resource <adder> is shared. To prevent sharing consider applying a KEEP on the output of the operator [C:/Users/28193/Desktop/project11/project11.srcs/sources_1/imports/小组/executs32.v:37]
INFO: [Synth 8-5545] ROM "Zero" won't be mapped to RAM because address size (32) is larger than maximum supported(25)
---------------------------------------------------------------------------------
Finished RTL Optimization Phase 2 : Time (s): cpu = 00:00:29 ; elapsed = 00:00:32 . Memory (MB): peak = 810.887 ; gain = 506.984
---------------------------------------------------------------------------------

Report RTL Partitions: 
+-+--------------+------------+----------+
| |RTL Partition |Replication |Instances |
+-+--------------+------------+----------+
+-+--------------+------------+----------+
---------------------------------------------------------------------------------
Start RTL Component Statistics 
---------------------------------------------------------------------------------
Detailed RTL Component Info : 
+---Adders : 
	   3 Input     32 Bit       Adders := 1     
	   2 Input     32 Bit       Adders := 1     
	   2 Input     30 Bit       Adders := 1     
+---XORs : 
	   2 Input     32 Bit         XORs := 1     
+---Registers : 
	               32 Bit    Registers := 32    
+---Muxes : 
	   3 Input     32 Bit        Muxes := 1     
	   2 Input     32 Bit        Muxes := 7     
	   8 Input     32 Bit        Muxes := 1     
	   2 Input      5 Bit        Muxes := 2     
	   2 Input      4 Bit        Muxes := 1     
	   2 Input      2 Bit        Muxes := 3     
	   2 Input      1 Bit        Muxes := 42    
---------------------------------------------------------------------------------
Finished RTL Component Statistics 
---------------------------------------------------------------------------------
---------------------------------------------------------------------------------
Start RTL Hierarchical Component Statistics 
---------------------------------------------------------------------------------
Hierarchical RTL Component report 
Module Ifetc32 
Detailed RTL Component Info : 
+---Adders : 
	   2 Input     30 Bit       Adders := 1     
+---Muxes : 
	   3 Input     32 Bit        Muxes := 1     
	   2 Input      2 Bit        Muxes := 3     
Module Idecode32 
Detailed RTL Component Info : 
+---Registers : 
	               32 Bit    Registers := 32    
+---Muxes : 
	   2 Input     32 Bit        Muxes := 3     
	   2 Input      5 Bit        Muxes := 2     
	   2 Input      1 Bit        Muxes := 32    
Module control32 
Detailed RTL Component Info : 
+---Muxes : 
	   2 Input      1 Bit        Muxes := 9     
Module Executs32 
Detailed RTL Component Info : 
+---Adders : 
	   3 Input     32 Bit       Adders := 1     
	   2 Input     32 Bit       Adders := 1     
+---XORs : 
	   2 Input     32 Bit         XORs := 1     
+---Muxes : 
	   2 Input     32 Bit        Muxes := 4     
	   8 Input     32 Bit        Muxes := 1     
	   2 Input      4 Bit        Muxes := 1     
	   2 Input      1 Bit        Muxes := 1     
---------------------------------------------------------------------------------
Finished RTL Hierarchical Component Statistics
---------------------------------------------------------------------------------
---------------------------------------------------------------------------------
Start Part Resource Summary
---------------------------------------------------------------------------------
Part Resources:
DSPs: 240 (col length:80)
BRAMs: 270 (col length: RAMB18 80 RAMB36 40)
---------------------------------------------------------------------------------
Finished Part Resource Summary
---------------------------------------------------------------------------------
---------------------------------------------------------------------------------
Start Cross Boundary and Area Optimization
---------------------------------------------------------------------------------
INFO: [Synth 8-5545] ROM "Zero" won't be mapped to RAM because address size (32) is larger than maximum supported(25)
WARNING: [Synth 8-3331] design Executs32 has unconnected port Function_opcode[5]
WARNING: [Synth 8-3331] design Executs32 has unconnected port Function_opcode[4]
WARNING: [Synth 8-3331] design Executs32 has unconnected port Opcode[5]
WARNING: [Synth 8-3331] design Executs32 has unconnected port Opcode[4]
WARNING: [Synth 8-3331] design Executs32 has unconnected port Opcode[3]
WARNING: [Synth 8-3331] design minisys has unconnected port d
WARNING: [Synth 8-3332] Sequential element (ifetch/PC_reg[1]) is unused and will be removed from module minisys.
WARNING: [Synth 8-3332] Sequential element (ifetch/PC_reg[0]) is unused and will be removed from module minisys.
---------------------------------------------------------------------------------
Finished Cross Boundary and Area Optimization : Time (s): cpu = 00:00:39 ; elapsed = 00:00:43 . Memory (MB): peak = 810.887 ; gain = 506.984
---------------------------------------------------------------------------------

Report RTL Partitions: 
+-+--------------+------------+----------+
| |RTL Partition |Replication |Instances |
+-+--------------+------------+----------+
+-+--------------+------------+----------+
---------------------------------------------------------------------------------
Start Applying XDC Timing Constraints
---------------------------------------------------------------------------------
INFO: [Synth 8-5578] Moved timing constraint from pin 'cpuclk/clk_out1' to pin 'cpuclk/bbstub_clk_out1/O'
INFO: [Synth 8-5819] Moved 1 constraints on hierarchical pins to their respective driving/loading pins
---------------------------------------------------------------------------------
Finished Applying XDC Timing Constraints : Time (s): cpu = 00:00:54 ; elapsed = 00:00:57 . Memory (MB): peak = 831.320 ; gain = 527.418
---------------------------------------------------------------------------------
---------------------------------------------------------------------------------
Start Timing Optimization
---------------------------------------------------------------------------------
---------------------------------------------------------------------------------
Finished Timing Optimization : Time (s): cpu = 00:01:03 ; elapsed = 00:01:06 . Memory (MB): peak = 939.699 ; gain = 635.797
---------------------------------------------------------------------------------

Report RTL Partitions: 
+-+--------------+------------+----------+
| |RTL Partition |Replication |Instances |
+-+--------------+------------+----------+
+-+--------------+------------+----------+
---------------------------------------------------------------------------------
Start Technology Mapping
---------------------------------------------------------------------------------
WARNING: [Synth 8-3332] Sequential element (ifetch/opcplus4_reg[1]) is unused and will be removed from module minisys.
WARNING: [Synth 8-3332] Sequential element (ifetch/opcplus4_reg[0]) is unused and will be removed from module minisys.
---------------------------------------------------------------------------------
Finished Technology Mapping : Time (s): cpu = 00:01:04 ; elapsed = 00:01:08 . Memory (MB): peak = 950.996 ; gain = 647.094
---------------------------------------------------------------------------------

Report RTL Partitions: 
+-+--------------+------------+----------+
| |RTL Partition |Replication |Instances |
+-+--------------+------------+----------+
+-+--------------+------------+----------+
---------------------------------------------------------------------------------
Start IO Insertion
---------------------------------------------------------------------------------
---------------------------------------------------------------------------------
Start Flattening Before IO Insertion
---------------------------------------------------------------------------------
---------------------------------------------------------------------------------
Finished Flattening Before IO Insertion
---------------------------------------------------------------------------------
---------------------------------------------------------------------------------
Start Final Netlist Cleanup
---------------------------------------------------------------------------------
---------------------------------------------------------------------------------
Finished Final Netlist Cleanup
---------------------------------------------------------------------------------
---------------------------------------------------------------------------------
Finished IO Insertion : Time (s): cpu = 00:01:06 ; elapsed = 00:01:09 . Memory (MB): peak = 950.996 ; gain = 647.094
---------------------------------------------------------------------------------

Report Check Netlist: 
+------+------------------+-------+---------+-------+------------------+
|      |Item              |Errors |Warnings |Status |Description       |
+------+------------------+-------+---------+-------+------------------+
|1     |multi_driven_nets |      0|        0|Passed |Multi driven nets |
+------+------------------+-------+---------+-------+------------------+
---------------------------------------------------------------------------------
Start Renaming Generated Instances
---------------------------------------------------------------------------------
---------------------------------------------------------------------------------
Finished Renaming Generated Instances : Time (s): cpu = 00:01:06 ; elapsed = 00:01:09 . Memory (MB): peak = 950.996 ; gain = 647.094
---------------------------------------------------------------------------------

Report RTL Partitions: 
+-+--------------+------------+----------+
| |RTL Partition |Replication |Instances |
+-+--------------+------------+----------+
+-+--------------+------------+----------+
---------------------------------------------------------------------------------
Start Rebuilding User Hierarchy
---------------------------------------------------------------------------------
---------------------------------------------------------------------------------
Finished Rebuilding User Hierarchy : Time (s): cpu = 00:01:06 ; elapsed = 00:01:09 . Memory (MB): peak = 950.996 ; gain = 647.094
---------------------------------------------------------------------------------
---------------------------------------------------------------------------------
Start Renaming Generated Ports
---------------------------------------------------------------------------------
---------------------------------------------------------------------------------
Finished Renaming Generated Ports : Time (s): cpu = 00:01:06 ; elapsed = 00:01:09 . Memory (MB): peak = 950.996 ; gain = 647.094
---------------------------------------------------------------------------------
---------------------------------------------------------------------------------
Start Handling Custom Attributes
---------------------------------------------------------------------------------
---------------------------------------------------------------------------------
Finished Handling Custom Attributes : Time (s): cpu = 00:01:06 ; elapsed = 00:01:10 . Memory (MB): peak = 950.996 ; gain = 647.094
---------------------------------------------------------------------------------
---------------------------------------------------------------------------------
Start Renaming Generated Nets
---------------------------------------------------------------------------------
---------------------------------------------------------------------------------
Finished Renaming Generated Nets : Time (s): cpu = 00:01:06 ; elapsed = 00:01:10 . Memory (MB): peak = 950.996 ; gain = 647.094
---------------------------------------------------------------------------------
---------------------------------------------------------------------------------
Start Writing Synthesis Report
---------------------------------------------------------------------------------

Report BlackBoxes: 
+------+--------------+----------+
|      |BlackBox name |Instances |
+------+--------------+----------+
|1     |cpuclk        |         1|
|2     |prgrom        |         1|
|3     |ram           |         1|
+------+--------------+----------+

Report Cell Usage: 
+------+-------+------+
|      |Cell   |Count |
+------+-------+------+
|1     |cpuclk |     1|
|2     |prgrom |     1|
|3     |ram    |     1|
|4     |CARRY4 |    24|
|5     |LUT1   |     3|
|6     |LUT2   |    45|
|7     |LUT3   |   169|
|8     |LUT4   |   118|
|9     |LUT5   |   213|
|10    |LUT6   |  1240|
|11    |MUXF7  |   261|
|12    |MUXF8  |    40|
|13    |FDRE   |  1004|
|14    |FDSE   |    80|
|15    |IBUF   |     1|
|16    |OBUFT  |     1|
+------+-------+------+

Report Instance Areas: 
+------+----------+----------+------+
|      |Instance  |Module    |Cells |
+------+----------+----------+------+
|1     |top       |          |  3264|
|2     |  idecode |Idecode32 |  2121|
|3     |  ifetch  |Ifetc32   |  1105|
|4     |  memory  |dmemory32 |    35|
+------+----------+----------+------+
---------------------------------------------------------------------------------
Finished Writing Synthesis Report : Time (s): cpu = 00:01:06 ; elapsed = 00:01:10 . Memory (MB): peak = 950.996 ; gain = 647.094
---------------------------------------------------------------------------------
Synthesis finished with 0 errors, 0 critical warnings and 10 warnings.
Synthesis Optimization Runtime : Time (s): cpu = 00:00:46 ; elapsed = 00:00:59 . Memory (MB): peak = 950.996 ; gain = 293.387
Synthesis Optimization Complete : Time (s): cpu = 00:01:06 ; elapsed = 00:01:10 . Memory (MB): peak = 950.996 ; gain = 647.094
INFO: [Project 1-571] Translating synthesized netlist
INFO: [Netlist 29-17] Analyzing 326 Unisim elements for replacement
INFO: [Netlist 29-28] Unisim Transformation completed in 0 CPU seconds
INFO: [Project 1-570] Preparing netlist for logic optimization
INFO: [Opt 31-138] Pushed 0 inverter(s) to 0 load pin(s).
INFO: [Project 1-111] Unisim Transformation Summary:
No Unisim elements were transformed.

INFO: [Common 17-83] Releasing license: Synthesis
76 Infos, 35 Warnings, 0 Critical Warnings and 0 Errors encountered.
synth_design completed successfully
synth_design: Time (s): cpu = 00:01:10 ; elapsed = 00:01:16 . Memory (MB): peak = 950.996 ; gain = 658.574
INFO: [Common 17-1381] The checkpoint 'C:/Users/28193/Desktop/project11/project11.runs/synth_1/minisys.dcp' has been generated.
INFO: [runtcl-4] Executing : report_utilization -file minisys_utilization_synth.rpt -pb minisys_utilization_synth.pb
report_utilization: Time (s): cpu = 00:00:00 ; elapsed = 00:00:00.172 . Memory (MB): peak = 950.996 ; gain = 0.000
INFO: [Common 17-206] Exiting Vivado at Thu May 14 13:16:50 2026...
